mode: set
backend/controllers/admin_controller.go:16.77,18.2 1 1
backend/controllers/admin_controller.go:34.81,41.40 2 1
backend/controllers/admin_controller.go:41.40,49.3 1 1
backend/controllers/admin_controller.go:51.2,51.13 1 1
backend/controllers/admin_controller.go:69.78,78.34 2 1
backend/controllers/admin_controller.go:78.34,84.3 1 1
backend/controllers/admin_controller.go:85.2,85.13 1 1
backend/controllers/admin_controller.go:88.54,90.16 2 1
backend/controllers/admin_controller.go:90.16,93.3 2 1
backend/controllers/admin_controller.go:95.2,95.55 1 1
backend/controllers/admin_controller.go:98.58,100.16 2 1
backend/controllers/admin_controller.go:100.16,103.3 2 1
backend/controllers/admin_controller.go:105.2,106.16 2 1
backend/controllers/admin_controller.go:106.16,107.22 1 1
backend/controllers/admin_controller.go:107.22,110.4 2 1
backend/controllers/admin_controller.go:111.3,112.9 2 1
backend/controllers/admin_controller.go:115.2,115.54 1 1
backend/controllers/auth_controller.go:17.73,19.2 1 1
backend/controllers/auth_controller.go:49.42,51.58 2 1
backend/controllers/auth_controller.go:51.58,53.3 1 1
backend/controllers/auth_controller.go:54.2,54.69 1 1
backend/controllers/auth_controller.go:54.69,56.3 1 1
backend/controllers/auth_controller.go:57.2,57.57 1 1
backend/controllers/auth_controller.go:60.51,62.47 2 1
backend/controllers/auth_controller.go:62.47,65.3 2 1
backend/controllers/auth_controller.go:67.2,72.16 2 1
backend/controllers/auth_controller.go:72.16,73.47 1 1
backend/controllers/auth_controller.go:73.47,76.4 2 1
backend/controllers/auth_controller.go:77.3,78.9 2 1
backend/controllers/auth_controller.go:81.2,82.16 2 1
backend/controllers/auth_controller.go:82.16,85.3 2 1
backend/controllers/auth_controller.go:87.2,95.4 1 1
backend/controllers/auth_controller.go:98.48,100.47 2 1
backend/controllers/auth_controller.go:100.47,103.3 2 1
backend/controllers/auth_controller.go:105.2,109.16 2 1
backend/controllers/auth_controller.go:109.16,112.3 2 1
backend/controllers/auth_controller.go:114.2,122.4 1 1
backend/controllers/auth_middleware.go:12.37,13.30 1 1
backend/controllers/auth_middleware.go:13.30,15.23 2 1
backend/controllers/auth_middleware.go:15.23,18.4 2 1
backend/controllers/auth_middleware.go:20.3,21.64 2 1
backend/controllers/auth_middleware.go:21.64,24.4 2 1
backend/controllers/auth_middleware.go:26.3,27.17 2 1
backend/controllers/auth_middleware.go:27.17,30.4 2 1
backend/controllers/auth_middleware.go:32.3,34.11 3 0
backend/controllers/auth_middleware.go:38.38,39.30 1 1
backend/controllers/auth_middleware.go:39.30,41.42 2 1
backend/controllers/auth_middleware.go:41.42,44.4 2 1
backend/controllers/auth_middleware.go:45.3,45.11 1 1
backend/controllers/event_controller.go:20.76,22.2 1 1
backend/controllers/event_controller.go:78.53,99.2 1 1
backend/controllers/event_controller.go:101.50,105.47 2 1
backend/controllers/event_controller.go:105.47,107.17 2 1
backend/controllers/event_controller.go:107.17,111.4 3 1
backend/controllers/event_controller.go:113.2,113.60 1 1
backend/controllers/event_controller.go:113.60,115.17 2 1
backend/controllers/event_controller.go:115.17,117.4 1 1
backend/controllers/event_controller.go:119.2,119.54 1 1
backend/controllers/event_controller.go:119.54,121.17 2 1
backend/controllers/event_controller.go:121.17,123.4 1 1
backend/controllers/event_controller.go:125.2,125.60 1 1
backend/controllers/event_controller.go:125.60,126.71 1 1
backend/controllers/event_controller.go:126.71,128.4 1 1
backend/controllers/event_controller.go:130.2,130.60 1 1
backend/controllers/event_controller.go:130.60,131.71 1 1
backend/controllers/event_controller.go:131.71,133.4 1 1
backend/controllers/event_controller.go:136.2,137.16 2 1
backend/controllers/event_controller.go:137.16,140.3 2 1
backend/controllers/event_controller.go:142.2,143.27 2 1
backend/controllers/event_controller.go:143.27,145.3 1 1
backend/controllers/event_controller.go:147.2,147.29 1 1
backend/controllers/event_controller.go:150.51,152.16 2 1
backend/controllers/event_controller.go:152.16,155.3 2 1
backend/controllers/event_controller.go:157.2,158.16 2 1
backend/controllers/event_controller.go:158.16,159.22 1 1
backend/controllers/event_controller.go:159.22,162.4 2 1
backend/controllers/event_controller.go:163.3,164.9 2 1
backend/controllers/event_controller.go:167.2,167.47 1 1
backend/controllers/event_controller.go:170.50,172.47 2 1
backend/controllers/event_controller.go:172.47,175.3 2 1
backend/controllers/event_controller.go:177.2,178.16 2 1
backend/controllers/event_controller.go:178.16,181.3 2 1
backend/controllers/event_controller.go:183.2,184.32 2 1
backend/controllers/event_controller.go:184.32,186.18 2 0
backend/controllers/event_controller.go:186.18,188.4 1 0
backend/controllers/event_controller.go:190.2,190.31 1 1
backend/controllers/event_controller.go:190.31,192.18 2 0
backend/controllers/event_controller.go:192.18,194.4 1 0
backend/controllers/event_controller.go:197.2,213.16 2 1
backend/controllers/event_controller.go:213.16,214.47 1 1
backend/controllers/event_controller.go:214.47,217.4 2 1
backend/controllers/event_controller.go:218.3,219.9 2 1
backend/controllers/event_controller.go:222.2,222.54 1 1
backend/controllers/event_controller.go:225.50,227.16 2 1
backend/controllers/event_controller.go:227.16,230.3 2 1
backend/controllers/event_controller.go:232.2,233.47 2 1
backend/controllers/event_controller.go:233.47,236.3 2 1
backend/controllers/event_controller.go:238.2,253.25 2 1
backend/controllers/event_controller.go:253.25,255.18 2 0
backend/controllers/event_controller.go:255.18,257.4 1 0
backend/controllers/event_controller.go:259.2,263.16 4 1
backend/controllers/event_controller.go:263.16,264.22 1 1
backend/controllers/event_controller.go:264.22,267.4 2 1
backend/controllers/event_controller.go:268.3,268.49 1 1
backend/controllers/event_controller.go:268.49,271.4 2 1
backend/controllers/event_controller.go:272.3,273.9 2 1
backend/controllers/event_controller.go:276.2,276.47 1 1
backend/controllers/event_controller.go:279.50,281.16 2 1
backend/controllers/event_controller.go:281.16,284.3 2 1
backend/controllers/event_controller.go:286.2,286.56 1 1
backend/controllers/event_controller.go:286.56,287.22 1 1
backend/controllers/event_controller.go:287.22,290.4 2 1
backend/controllers/event_controller.go:291.3,292.9 2 0
backend/controllers/event_controller.go:295.2,295.35 1 1
backend/controllers/event_controller.go:305.92,306.15 1 1
backend/controllers/event_controller.go:307.30,308.26 1 1
backend/controllers/event_controller.go:308.26,310.4 1 1
backend/controllers/event_controller.go:311.3,311.45 1 1
backend/controllers/event_controller.go:312.27,313.25 1 1
backend/controllers/event_controller.go:313.25,315.4 1 1
backend/controllers/event_controller.go:316.3,316.75 1 1
backend/controllers/event_controller.go:317.26,318.25 1 1
backend/controllers/event_controller.go:318.25,320.4 1 1
backend/controllers/event_controller.go:321.3,321.68 1 1
backend/controllers/event_controller.go:322.29,323.12 1 1
backend/controllers/event_controller.go:324.10,325.12 1 1
backend/controllers/event_controller.go:329.57,331.16 2 1
backend/controllers/event_controller.go:331.16,334.3 2 1
backend/controllers/event_controller.go:336.2,337.16 2 1
backend/controllers/event_controller.go:337.16,338.22 1 1
backend/controllers/event_controller.go:338.22,341.4 2 1
backend/controllers/event_controller.go:342.3,343.9 2 1
backend/controllers/event_controller.go:346.2,348.33 3 1
backend/controllers/event_controller.go:348.33,351.3 2 1
backend/controllers/event_controller.go:351.8,351.70 1 1
backend/controllers/event_controller.go:351.70,354.3 2 1
backend/controllers/event_controller.go:354.8,357.3 2 1
backend/controllers/event_controller.go:358.2,365.29 2 1
backend/controllers/helpers.go:15.33,18.2 2 1
backend/controllers/helpers.go:20.39,21.13 1 1
backend/controllers/helpers.go:21.13,23.3 1 1
backend/controllers/helpers.go:24.2,24.11 1 1
backend/controllers/helpers.go:27.44,28.14 1 1
backend/controllers/helpers.go:28.14,30.3 1 1
backend/controllers/helpers.go:31.2,32.11 2 1
backend/controllers/ticket_controller.go:19.79,21.2 1 1
backend/controllers/ticket_controller.go:44.56,47.25 3 1
backend/controllers/ticket_controller.go:47.25,50.3 2 1
backend/controllers/ticket_controller.go:52.2,61.3 1 1
backend/controllers/ticket_controller.go:64.53,66.47 2 1
backend/controllers/ticket_controller.go:66.47,69.3 2 1
backend/controllers/ticket_controller.go:71.2,74.16 3 1
backend/controllers/ticket_controller.go:74.16,75.110 1 1
backend/controllers/ticket_controller.go:75.110,78.4 2 1
backend/controllers/ticket_controller.go:79.3,80.9 2 1
backend/controllers/ticket_controller.go:83.2,84.28 2 1
backend/controllers/ticket_controller.go:84.28,86.3 1 1
backend/controllers/ticket_controller.go:87.2,87.34 1 1
backend/controllers/ticket_controller.go:90.57,94.16 3 1
backend/controllers/ticket_controller.go:94.16,97.3 2 1
backend/controllers/ticket_controller.go:99.2,100.28 2 1
backend/controllers/ticket_controller.go:100.28,102.3 1 1
backend/controllers/ticket_controller.go:104.2,104.29 1 1
backend/controllers/ticket_controller.go:107.51,109.16 2 1
backend/controllers/ticket_controller.go:109.16,112.3 2 1
backend/controllers/ticket_controller.go:114.2,116.65 2 1
backend/controllers/ticket_controller.go:116.65,117.22 1 1
backend/controllers/ticket_controller.go:117.22,120.4 2 1
backend/controllers/ticket_controller.go:121.3,122.9 2 1
backend/controllers/ticket_controller.go:125.2,125.35 1 1
backend/controllers/ticket_controller.go:128.53,130.16 2 1
backend/controllers/ticket_controller.go:130.16,133.3 2 1
backend/controllers/ticket_controller.go:135.2,136.47 2 1
backend/controllers/ticket_controller.go:136.47,139.3 2 1
backend/controllers/ticket_controller.go:141.2,143.121 2 1
backend/controllers/ticket_controller.go:143.121,144.22 1 1
backend/controllers/ticket_controller.go:144.22,147.4 2 1
backend/controllers/ticket_controller.go:148.3,149.9 2 1
backend/controllers/ticket_controller.go:152.2,152.76 1 1
